\o Program:		@(#)$CDS: libManager version 6.1.8 - CAT37 10/18/2022 20:11 (sjfdcl1032) $
\o Sub version:		sub-version  s292 
\o Arguments:		-unmapped -mpssession virtuoso76159 -mpshost ic312.vit.ac.in 
\o Working Directory:	ic312.vit.ac.in:/home/vlsi/Desktop/VLSI_PROJECT_JAMA
\o 64-bit offsets
\o Qt version: 		5.9.1
\o changeWorkingDir("/home/vlsi/Desktop/VLSI_PROJECT_JAMA") unnecessary.
\o ddSetForcedLib("") unnecessary.
\o Log file is "/home/vlsi/Desktop/VLSI_PROJECT_JAMA/libManager.log".
\o Opening libManager window.
\a nrSetWindowVisibility(cdsLibManager "show")
\o MPS service: map window
\o Library Manager customization server connected.
\a nrSetCurrentWindow(cdsLibManager)
\a nrResizeWindow(cdsLibManager list(109 95 1440 723))
\a cdsLibManager->libListBox->value = ".VLSI_CHAMP_1190"
\a cdsLibManager->libLineEdit->value = ".VLSI_CHAMP_1190"
\a cdsLibManager->cellListBox->value = "1_BIT_D_FF_TB"
\a cdsLibManager->cellLineEdit->value = "1_BIT_D_FF_TB"
\a cdsLibManager->viewListBox->value = "schematic"
\a cdsLibManager->viewLineEdit->value = "schematic"
\a nrListItemAction(cdsLibManager->cellListBox 1 0)
\o MPS request: edit design
\a cdsLibManager->libListBox->value = nil
\a cdsLibManager->libLineEdit->value = ""
\a cdsLibManager->cellLineEdit->value = ""
\a cdsLibManager->viewLineEdit->value = ""
\a cdsLibManager->cellListBox->value = nil
\a cdsLibManager->viewListBox->value = nil
\a cdsLibManager->libListBox->value = ".VLSI_CHAMP_1190"
\a cdsLibManager->libLineEdit->value = ".VLSI_CHAMP_1190"
\a cdsLibManager->cellListBox->value = "1_BIT_D_FF_TB"
\a cdsLibManager->cellLineEdit->value = "1_BIT_D_FF_TB"
\a cdsLibManager->viewListBox->value = "schematic"
\a cdsLibManager->viewLineEdit->value = "schematic"
\a cdsLibManager->viewLineEdit->value = ""
\a cdsLibManager->viewListBox->value = nil
\a cdsLibManager->viewListBox->value = "schematic"
\a cdsLibManager->viewLineEdit->value = "schematic"
\a nrSetCurrentWindow(cdsLibManager)
\a nrSetWindowVisibility(cdsLibManager "hide")
\a _lmgrCloseIconify("cdsLibManager" 1)
\a nrSetWindowVisibility(cdsLibManager "show")
\a _lmgrCloseIconify("cdsLibManager" 0)
\a nrResizeWindow(cdsLibManager list(109 111 1440 707))
\o MPS service: shutdown
\o libManager is exiting.
\a exit(0)
