================================================================================
Rule No. 328 : nwell_conn_StampErrorFloat

Real Error Count : 2; Flat Error Count : 2
================================================================================

--------------------------------------------------------------------------------
Cell Name : Cmos_NAND layout VLSI_CHAMP_1190

                   Cell Errors    Real Errors   Cell Placements     Environments
                             2              2                 1                1
--------------------------------------------------------------------------------
Env.  Env. Placements            X1           Y1          X2           Y2

  1        1                  0.600        2.730       3.705        3.395

Shape               Environments Status & Error Marker 

          1           X1         Y1         X2         Y2

   1      X        0.600      2.730      1.500      3.320
   2      X        2.805      2.805      3.705      3.395

================================================================================
Rule No. 352 : NW.W.1: Nwell width must be >= 0.6 um

Real Error Count : 2; Flat Error Count : 2
================================================================================

--------------------------------------------------------------------------------
Cell Name : Cmos_NAND layout VLSI_CHAMP_1190

                   Cell Errors    Real Errors   Cell Placements     Environments
                             2              2                 1                1
--------------------------------------------------------------------------------
Env.  Env. Placements            X1           Y1          X2           Y2

  1        1                  0.600        2.730       3.705        3.395

Shape               Environments Status & Error Marker 

          1           X1         Y1         X2         Y2

   1      X        0.600      2.730      1.500      3.320
   2      X        2.805      2.805      3.705      3.395

================================================================================
Rule No. 637 : METAL1.A.1: Metal1 area must be >= 0.07 um

Real Error Count : 2; Flat Error Count : 2
================================================================================

--------------------------------------------------------------------------------
Cell Name : Cmos_NAND layout VLSI_CHAMP_1190

                   Cell Errors    Real Errors   Cell Placements     Environments
                             2              2                 1                1
--------------------------------------------------------------------------------
Env.  Env. Placements            X1           Y1          X2           Y2

  1        1                  0.345        2.205       2.895        2.400

Shape               Environments Status & Error Marker 

          1           X1         Y1         X2         Y2

   1      X        0.345      2.205      0.830      2.325
   2      X        2.355      2.275      2.895      2.400

================================================================================
Rule No. 692 : LATCHUP.1: P+SD to NW tap spacing must be <= 25.0 um

Real Error Count : 4; Flat Error Count : 4
================================================================================

--------------------------------------------------------------------------------
Cell Name : Cmos_NAND layout VLSI_CHAMP_1190

                   Cell Errors    Real Errors   Cell Placements     Environments
                             4              4                 1                1
--------------------------------------------------------------------------------
Env.  Env. Placements            X1           Y1          X2           Y2

  1        1                  0.720        2.850       3.585        3.275

Shape               Environments Status & Error Marker 

          1           X1         Y1         X2         Y2

   1      X        0.720      2.850      1.000      3.200
   2      X        1.100      2.850      1.380      3.200
   3      X        2.925      2.925      3.205      3.275
   4      X        3.305      2.925      3.585      3.275

