================================================================================
Rule No. 462 : NIMP.A.1: Nimp area must be >= 0.15 um

Real Error Count : 4; Flat Error Count : 4
================================================================================

--------------------------------------------------------------------------------
Cell Name : CMOS_XOR layout VLSI_CHAMP_1190

                   Cell Errors    Real Errors   Cell Placements     Environments
                             4              4                 1                1
--------------------------------------------------------------------------------
Env.  Env. Placements            X1           Y1          X2           Y2

  1        1                 14.225       10.765      18.115       13.820

Shape               Environments Status & Error Marker 

          1           X1         Y1         X2         Y2

   1      X       14.225     10.795     14.505     11.315
   2      X       14.225     13.280     14.505     13.800
   3      X       16.575     13.300     16.855     13.820
   4      X       17.835     10.765     18.115     11.285

================================================================================
Rule No. 479 : PIMP.A.1: Pimp area must be >= 0.15 um

Real Error Count : 2; Flat Error Count : 2
================================================================================

--------------------------------------------------------------------------------
Cell Name : CMOS_XOR layout VLSI_CHAMP_1190

                   Cell Errors    Real Errors   Cell Placements     Environments
                             2              2                 1                1
--------------------------------------------------------------------------------
Env.  Env. Placements            X1           Y1          X2           Y2

  1        1                 14.270        6.800      17.920        7.085

Shape               Environments Status & Error Marker 

          1           X1         Y1         X2         Y2

   1      X       14.270      6.805     14.560      7.085
   2      X       17.630      6.800     17.920      7.080

